// Jest Snapshot v1, https://goo.gl/fbAQLP

exports[`matches snapshot 1`] = `
<DocumentFragment>
  <div
    class="bg-clouds md:h-screen font-mono text-center"
  >
    <h2
      class="pt-10 "
    >
      Help 
      <span
        class="text-pink-600"
      />
       reach the rainbow! Move using arrow keys, WASD or buttons.
    </h2>
    <p
      class="text-sm  pb-10"
    >
      <svg
        class="inline "
        fill="currentColor"
        height="24"
        viewBox="0 0 256 256"
        width="24"
        xmlns="http://www.w3.org/2000/svg"
      >
        <rect
          fill="none"
          height="256"
          width="256"
        />
        <polyline
          fill="none"
          points="80 152 32 104 80 56"
          stroke="currentColor"
          stroke-linecap="round"
          stroke-linejoin="round"
          stroke-width="16"
        />
        <path
          d="M224,200a96,96,0,0,0-96-96H32"
          fill="none"
          stroke="currentColor"
          stroke-linecap="round"
          stroke-linejoin="round"
          stroke-width="16"
        />
      </svg>
       Back to 
      <button
        class="underline text-pink-600"
      >
        setup
      </button>
       
    </p>
    <div
      class="mx-auto p-3 sm:w-9/12 md:w-7/12 lg:w-5/12 xl:w-4/12"
    >
      <div
        class="outline-none"
        tabindex="-1"
      >
        <div
          class="flex justify-center mb-2"
        >
          <button
            class="mx-4 gradient-pink border-2 shadow-xl border-purple-600 text-white px-3 py-2 rounded bg-blue-400 p-1"
          >
            <svg
              fill="currentColor"
              height="24"
              viewBox="0 0 256 256"
              width="24"
              xmlns="http://www.w3.org/2000/svg"
            >
              <rect
                fill="none"
                height="256"
                width="256"
              />
              <polygon
                fill="none"
                points="136 32 232 128 136 224 136 176 104 176 104 80 136 80 136 32"
                stroke="currentColor"
                stroke-linecap="round"
                stroke-linejoin="round"
                stroke-width="16"
              />
              <line
                fill="none"
                stroke="currentColor"
                stroke-linecap="round"
                stroke-linejoin="round"
                stroke-width="16"
                x1="40"
                x2="40"
                y1="176"
                y2="80"
              />
              <line
                fill="none"
                stroke="currentColor"
                stroke-linecap="round"
                stroke-linejoin="round"
                stroke-width="16"
                x1="72"
                x2="72"
                y1="176"
                y2="80"
              />
            </svg>
          </button>
          <button
            class="mx-4 gradient-pink border-2 shadow-xl border-purple-600 text-white px-3 py-2 rounded bg-blue-400 p-1"
          >
            <svg
              fill="currentColor"
              height="24"
              viewBox="0 0 256 256"
              width="24"
              xmlns="http://www.w3.org/2000/svg"
            >
              <rect
                fill="none"
                height="256"
                width="256"
              />
              <polygon
                fill="none"
                points="120 32 24 128 120 224 120 176 152 176 152 80 120 80 120 32"
                stroke="currentColor"
                stroke-linecap="round"
                stroke-linejoin="round"
                stroke-width="16"
              />
              <line
                fill="none"
                stroke="currentColor"
                stroke-linecap="round"
                stroke-linejoin="round"
                stroke-width="16"
                x1="216"
                x2="216"
                y1="176"
                y2="80"
              />
              <line
                fill="none"
                stroke="currentColor"
                stroke-linecap="round"
                stroke-linejoin="round"
                stroke-width="16"
                x1="184"
                x2="184"
                y1="176"
                y2="80"
              />
            </svg>
          </button>
          <button
            class="mx-4 gradient-pink border-2 shadow-xl border-purple-600 text-white px-3 py-2 rounded bg-blue-400 p-1"
          >
            <svg
              fill="currentColor"
              height="24"
              viewBox="0 0 256 256"
              width="24"
              xmlns="http://www.w3.org/2000/svg"
            >
              <rect
                fill="none"
                height="256"
                width="256"
              />
              <polygon
                fill="none"
                points="32 136 128 232 224 136 176 136 176 104 80 104 80 136 32 136"
                stroke="currentColor"
                stroke-linecap="round"
                stroke-linejoin="round"
                stroke-width="16"
              />
              <line
                fill="none"
                stroke="currentColor"
                stroke-linecap="round"
                stroke-linejoin="round"
                stroke-width="16"
                x1="176"
                x2="80"
                y1="40"
                y2="40"
              />
              <line
                fill="none"
                stroke="currentColor"
                stroke-linecap="round"
                stroke-linejoin="round"
                stroke-width="16"
                x1="176"
                x2="80"
                y1="72"
                y2="72"
              />
            </svg>
          </button>
          <button
            class="mx-4 gradient-pink border-2 shadow-xl border-purple-600 text-white px-3 py-2 rounded bg-blue-400 p-1"
          >
            <svg
              fill="currentColor"
              height="24"
              viewBox="0 0 256 256"
              width="24"
              xmlns="http://www.w3.org/2000/svg"
            >
              <rect
                fill="none"
                height="256"
                width="256"
              />
              <polygon
                fill="none"
                points="32 120 128 24 224 120 176 120 176 152 80 152 80 120 32 120"
                stroke="currentColor"
                stroke-linecap="round"
                stroke-linejoin="round"
                stroke-width="16"
              />
              <line
                fill="none"
                stroke="currentColor"
                stroke-linecap="round"
                stroke-linejoin="round"
                stroke-width="16"
                x1="176"
                x2="80"
                y1="216"
                y2="216"
              />
              <line
                fill="none"
                stroke="currentColor"
                stroke-linecap="round"
                stroke-linejoin="round"
                stroke-width="16"
                x1="176"
                x2="80"
                y1="184"
                y2="184"
              />
            </svg>
          </button>
        </div>
        <div
          class="Maze-grid mx-auto text-center bg-white bg-opacity-80"
          style="grid-template-columns: repeat(15, minmax(0, 1fr));"
        />
      </div>
      <div
        class="flex justify-between"
      >
        <span>
          Difficulty: 0
        </span>
        <span>
          Size: 15
        </span>
      </div>
    </div>
  </div>
</DocumentFragment>
`;
